Compiling .\contracts\Events.sol...
Compiling .\contracts\Migrations.sol...

Compilation warnings encountered:

/C/Users/WIN 8/git/eth-voting-dapp/contracts/Migrations.sol:11:3: Warning: Defining constructors as functions with the same name as the contract is deprecated. Use "constructor(...) { ... }" instead.
  function Migrations() {
  ^ (Relevant source part starts here and spans across multiple lines).
,/C/Users/WIN 8/git/eth-voting-dapp/contracts/Migrations.sol:11:3: Warning: No visibility specified. Defaulting to "public". 
  function Migrations() {
  ^ (Relevant source part starts here and spans across multiple lines).
,/C/Users/WIN 8/git/eth-voting-dapp/contracts/Migrations.sol:15:3: Warning: No visibility specified. Defaulting to "public". 
  function setCompleted(uint completed) restricted {
  ^ (Relevant source part starts here and spans across multiple lines).
,/C/Users/WIN 8/git/eth-voting-dapp/contracts/Migrations.sol:19:3: Warning: No visibility specified. Defaulting to "public". 
  function upgrade(address new_address) restricted {
  ^ (Relevant source part starts here and spans across multiple lines).

Writing artifacts to .\build\contracts

